
> casuya-ecosystem@ build C:\Users\Admin\Desktop\casuya-ecosytems
> node scripts/run.js build

==> Building all packages
Scope: 19 of 20 workspace projects
casuya-ai build$ tsc
casuya-analytics build$ tsc
casuya-api build$ tsc
casuya-auth build$ tsc
casuya-analytics build: Done
casuya-bridge build$ node scripts/build.js
casuya-auth build: Done
casuya-common build$ tsup
casuya-ai build: Done
casuya-content build$ tsc -p tsconfig.build.json
casuya-bridge build: Build complete: dist/casuya-bridge.{js,esm.js,min.js}
casuya-bridge build: Done
casuya-design-system build$ pnpm -r build
casuya-common build: [34mCLI[39m Building entry: {"constants/index":"src/constants/index.ts","errors/index":"src/errors/index.ts","utilities/index":"src/utilities/index.ts","date/index":"src/date/index.ts","strings/index":"src/strings/index.ts","numbers/index":"src/numbers/index.ts","arrays/index":"src/arrays/index.ts","objects/index":"src/objects/index.ts","validators/index":"src/validators/index.ts","types/index":"src/types/index.ts","schemas/index":"src/schemas/index.ts","configuration/index":"src/configuration/index.ts","logging/index":"src/logging/index.ts","interfaces/index":"src/interfaces/index.ts","environments/index":"src/environments/index.ts","promises/index":"src/promises/index.ts","functions/index":"src/functions/index.ts","collections/index":"src/collections/index.ts","crypto/index":"src/crypto/index.ts"}
casuya-common build: [34mCLI[39m Using tsconfig: tsconfig.json
casuya-common build: [34mCLI[39m tsup v8.5.1
casuya-common build: [34mCLI[39m Using tsup config: C:\Users\Admin\Desktop\casuya-ecosytems\casuya-common\tsup.config.ts
casuya-common build: [34mCLI[39m Building entry: src/index.ts
casuya-common build: [34mCLI[39m Using tsconfig: tsconfig.json
casuya-common build: [34mCLI[39m tsup v8.5.1
casuya-common build: [34mCLI[39m Using tsup config: C:\Users\Admin\Desktop\casuya-ecosytems\casuya-common\tsup.config.ts
casuya-common build: [34mCLI[39m Target: es2022
casuya-common build: [34mCLI[39m Target: es2022
casuya-common build: [34mCLI[39m Cleaning output folder
casuya-common build: [34mCJS[39m Build start
casuya-common build: [34mESM[39m Build start
casuya-common build: [34mCLI[39m Cleaning output folder
casuya-common build: [34mCJS[39m Build start
casuya-common build: [34mESM[39m Build start
casuya-design-system build: Scope: 10 of 11 workspace projects
casuya-design-system build: packages/a11y build$ tsup
casuya-design-system build: packages/icons build$ tsup
casuya-design-system build: packages/styles build$ node build.js
casuya-design-system build: packages/tokens build$ tsup
casuya-design-system build: packages/a11y build: 'tsup' is not recognized as an internal or external command,
casuya-design-system build: packages/a11y build: operable program or batch file.
casuya-design-system build: packages/icons build: 'tsup' is not recognized as an internal or external command,
casuya-design-system build: packages/icons build: operable program or batch file.
casuya-design-system build: packages/a11y build: Failed
casuya-design-system build: C:\Users\Admin\Desktop\casuya-ecosytems\casuya-design-system\packages\a11y:
casuya-design-system build: ΓÇëERR_PNPM_RECURSIVE_RUN_FIRST_FAILΓÇë @casuya/a11y@0.1.0 build: `tsup`
casuya-design-system build: Exit status 1
casuya-design-system build: ΓÇëWARNΓÇë  Local package.json exists, but node_modules missing, did you mean to install?
casuya-design-system build: packages/utils build$ tsup
casuya-design-system build: packages/icons build: Failed
casuya-design-system build: ΓÇëWARNΓÇë  Local package.json exists, but node_modules missing, did you mean to install?
casuya-design-system build: packages/tokens build: 'tsup' is not recognized as an internal or external command,
casuya-design-system build: packages/tokens build: operable program or batch file.
casuya-design-system build: packages/tokens build: Failed
casuya-design-system build: ΓÇëWARNΓÇë  Local package.json exists, but node_modules missing, did you mean to install?
casuya-common build: Generated an empty chunk: "index".
casuya-design-system build: packages/utils build: 'tsup' is not recognized as an internal or external command,
casuya-design-system build: packages/utils build: operable program or batch file.
casuya-design-system build: packages/utils build: Failed
casuya-design-system build: ΓÇëWARNΓÇë  Local package.json exists, but node_modules missing, did you mean to install?
casuya-common build: Generated an empty chunk: "index".
casuya-common build: [34mDTS[39m Build start
casuya-common build: [34mDTS[39m Build start
casuya-design-system build: packages/styles build: Copied dark.css -> dist/dark.css
casuya-design-system build: packages/styles build: Copied reset.css -> dist/reset.css
casuya-design-system build: packages/styles build: Copied tokens.css -> dist/tokens.css
casuya-design-system build: packages/styles build: Built dist/index.css
casuya-design-system build: packages/styles build: Done
casuya-common build: Generated an empty chunk: "index".
casuya-common build: Generated an empty chunk: "index".
casuya-api build: Done
casuya-devtools build$ tsc
casuya-common build: [32mESM[39m [1mdist\constants\index.mjs         [22m[32m6.29 KB[39m
casuya-common build: [32mESM[39m [1mdist\errors\index.mjs            [22m[32m11.31 KB[39m
casuya-common build: [32mESM[39m [1mdist\strings\index.mjs           [22m[32m5.35 KB[39m
casuya-common build: [32mESM[39m [1mdist\utilities\index.mjs         [22m[32m4.39 KB[39m
casuya-common build: [32mESM[39m [1mdist\date\index.mjs              [22m[32m5.34 KB[39m
casuya-common build: [32mESM[39m [1mdist\arrays\index.mjs            [22m[32m7.04 KB[39m
casuya-common build: [32mESM[39m [1mdist\numbers\index.mjs           [22m[32m5.34 KB[39m
casuya-common build: [32mESM[39m [1mdist\types\index.mjs             [22m[32m70.00 B[39m
casuya-common build: [32mESM[39m [1mdist\objects\index.mjs           [22m[32m6.96 KB[39m
casuya-common build: [32mESM[39m [1mdist\validators\index.mjs        [22m[32m6.36 KB[39m
casuya-common build: [32mESM[39m [1mdist\logging\index.mjs           [22m[32m4.48 KB[39m
casuya-common build: [32mESM[39m [1mdist\environments\index.mjs      [22m[32m2.37 KB[39m
casuya-common build: [32mESM[39m [1mdist\interfaces\index.mjs        [22m[32m70.00 B[39m
casuya-common build: [32mESM[39m [1mdist\configuration\index.mjs     [22m[32m5.95 KB[39m
casuya-common build: [32mESM[39m [1mdist\promises\index.mjs          [22m[32m2.98 KB[39m
casuya-common build: [32mESM[39m [1mdist\functions\index.mjs         [22m[32m2.28 KB[39m
casuya-common build: [32mESM[39m [1mdist\collections\index.mjs       [22m[32m3.13 KB[39m
casuya-common build: [32mESM[39m [1mdist\schemas\index.mjs           [22m[32m2.14 KB[39m
casuya-common build: [32mESM[39m [1mdist\crypto\index.mjs            [22m[32m5.40 KB[39m
casuya-common build: [32mESM[39m [1mdist\constants\index.mjs.map     [22m[32m12.14 KB[39m
casuya-common build: [32mESM[39m [1mdist\utilities\index.mjs.map     [22m[32m33.90 KB[39m
casuya-common build: [32mESM[39m [1mdist\date\index.mjs.map          [22m[32m16.78 KB[39m
casuya-common build: [32mESM[39m [1mdist\arrays\index.mjs.map        [22m[32m22.29 KB[39m
casuya-common build: [32mESM[39m [1mdist\strings\index.mjs.map       [22m[32m14.98 KB[39m
casuya-common build: [32mESM[39m [1mdist\types\index.mjs.map         [22m[32m70.00 B[39m
casuya-common build: [32mESM[39m [1mdist\errors\index.mjs.map        [22m[32m26.91 KB[39m
casuya-common build: [32mESM[39m [1mdist\numbers\index.mjs.map       [22m[32m16.01 KB[39m
casuya-common build: [32mESM[39m [1mdist\objects\index.mjs.map       [22m[32m21.40 KB[39m
casuya-common build: [32mESM[39m [1mdist\interfaces\index.mjs.map    [22m[32m70.00 B[39m
casuya-common build: [32mESM[39m [1mdist\validators\index.mjs.map    [22m[32m18.59 KB[39m
casuya-common build: [32mESM[39m [1mdist\environments\index.mjs.map  [22m[32m5.34 KB[39m
casuya-common build: [32mESM[39m [1mdist\logging\index.mjs.map       [22m[32m13.24 KB[39m
casuya-common build: [32mESM[39m [1mdist\promises\index.mjs.map      [22m[32m8.20 KB[39m
casuya-common build: [32mESM[39m [1mdist\functions\index.mjs.map     [22m[32m6.73 KB[39m
casuya-common build: [32mESM[39m [1mdist\configuration\index.mjs.map [22m[32m24.10 KB[39m
casuya-common build: [32mESM[39m [1mdist\collections\index.mjs.map   [22m[32m7.91 KB[39m
casuya-common build: [32mESM[39m [1mdist\schemas\index.mjs.map       [22m[32m6.88 KB[39m
casuya-common build: [32mESM[39m [1mdist\crypto\index.mjs.map        [22m[32m13.78 KB[39m
casuya-common build: [32mESM[39m ΓÜí∩╕Å Build success in 4188ms
casuya-common build: [32mCJS[39m [1mdist\date\index.js              [22m[32m5.92 KB[39m
casuya-common build: [32mCJS[39m [1mdist\constants\index.js         [22m[32m6.47 KB[39m
casuya-common build: [32mCJS[39m [1mdist\errors\index.js            [22m[32m11.82 KB[39m
casuya-common build: [32mCJS[39m [1mdist\utilities\index.js         [22m[32m4.70 KB[39m
casuya-common build: [32mCJS[39m [1mdist\objects\index.js           [22m[32m7.51 KB[39m
casuya-common build: [32mCJS[39m [1mdist\numbers\index.js           [22m[32m6.03 KB[39m
casuya-common build: [32mCJS[39m [1mdist\types\index.js             [22m[32m82.00 B[39m
casuya-common build: [32mCJS[39m [1mdist\arrays\index.js            [22m[32m7.98 KB[39m
casuya-common build: [32mCJS[39m [1mdist\strings\index.js           [22m[32m6.11 KB[39m
casuya-common build: [32mCJS[39m [1mdist\schemas\index.js           [22m[32m2.49 KB[39m
casuya-common build: [32mCJS[39m [1mdist\interfaces\index.js        [22m[32m82.00 B[39m
casuya-common build: [32mCJS[39m [1mdist\configuration\index.js     [22m[32m6.31 KB[39m
casuya-common build: [32mCJS[39m [1mdist\validators\index.js        [22m[32m7.02 KB[39m
casuya-common build: [32mCJS[39m [1mdist\logging\index.js           [22m[32m4.71 KB[39m
casuya-common build: [32mCJS[39m [1mdist\environments\index.js      [22m[32m2.66 KB[39m
casuya-common build: [32mCJS[39m [1mdist\promises\index.js          [22m[32m3.19 KB[39m
casuya-common build: [32mCJS[39m [1mdist\collections\index.js       [22m[32m3.49 KB[39m
casuya-common build: [32mCJS[39m [1mdist\functions\index.js         [22m[32m2.60 KB[39m
casuya-common build: [32mCJS[39m [1mdist\crypto\index.js            [22m[32m5.60 KB[39m
casuya-common build: [32mCJS[39m [1mdist\date\index.js.map          [22m[32m16.78 KB[39m
casuya-common build: [32mCJS[39m [1mdist\constants\index.js.map     [22m[32m12.14 KB[39m
casuya-common build: [32mCJS[39m [1mdist\errors\index.js.map        [22m[32m26.91 KB[39m
casuya-common build: [32mCJS[39m [1mdist\utilities\index.js.map     [22m[32m33.90 KB[39m
casuya-common build: [32mCJS[39m [1mdist\objects\index.js.map       [22m[32m21.40 KB[39m
casuya-common build: [32mCJS[39m [1mdist\numbers\index.js.map       [22m[32m16.01 KB[39m
casuya-common build: [32mCJS[39m [1mdist\types\index.js.map         [22m[32m69.00 B[39m
casuya-common build: [32mCJS[39m [1mdist\arrays\index.js.map        [22m[32m22.29 KB[39m
casuya-common build: [32mCJS[39m [1mdist\interfaces\index.js.map    [22m[32m69.00 B[39m
casuya-common build: [32mCJS[39m [1mdist\strings\index.js.map       [22m[32m14.98 KB[39m
casuya-common build: [32mCJS[39m [1mdist\schemas\index.js.map       [22m[32m6.88 KB[39m
casuya-common build: [32mCJS[39m [1mdist\validators\index.js.map    [22m[32m18.59 KB[39m
casuya-common build: [32mCJS[39m [1mdist\logging\index.js.map       [22m[32m13.24 KB[39m
casuya-common build: [32mCJS[39m [1mdist\environments\index.js.map  [22m[32m5.34 KB[39m
casuya-common build: [32mCJS[39m [1mdist\promises\index.js.map      [22m[32m8.20 KB[39m
casuya-common build: [32mCJS[39m [1mdist\collections\index.js.map   [22m[32m7.91 KB[39m
casuya-common build: [32mCJS[39m [1mdist\functions\index.js.map     [22m[32m6.73 KB[39m
casuya-common build: [32mCJS[39m [1mdist\configuration\index.js.map [22m[32m24.10 KB[39m
casuya-common build: [32mCJS[39m [1mdist\crypto\index.js.map        [22m[32m13.78 KB[39m
casuya-common build: [32mCJS[39m ΓÜí∩╕Å Build success in 4209ms
casuya-design-system build: Failed
C:\Users\Admin\Desktop\casuya-ecosytems\casuya-design-system:
ΓÇëERR_PNPM_RECURSIVE_RUN_FIRST_FAILΓÇë casuya-design-system@0.1.0 build: `pnpm -r build`
Exit status 1
casuya-editor build$ tsc --noEmit && vite build
casuya-common build: [32mESM[39m [1mdist\index.mjs     [22m[32m68.58 KB[39m
casuya-common build: [32mESM[39m [1mdist\index.mjs.map [22m[32m200.21 KB[39m
casuya-common build: [32mESM[39m ΓÜí∩╕Å Build success in 4551ms
casuya-common build: [32mCJS[39m [1mdist\index.js     [22m[32m74.63 KB[39m
casuya-common build: [32mCJS[39m [1mdist\index.js.map [22m[32m200.21 KB[39m
casuya-common build: [32mCJS[39m ΓÜí∩╕Å Build success in 4633ms
==> Build complete
